// Jest Snapshot v1, https://goo.gl/fbAQLP

exports[`Test in <TodoList/> should render component 1`] = `
<ul
  className="list-group list-group-flush"
>
  <TodoListItem
    handleDeleteTodo={[MockFunction]}
    handleToggleTodo={[MockFunction]}
    index={0}
    key="1"
    todo={
      Object {
        "description": "Learn React",
        "done": false,
        "id": 1,
      }
    }
  />
  <TodoListItem
    handleDeleteTodo={[MockFunction]}
    handleToggleTodo={[MockFunction]}
    index={1}
    key="2"
    todo={
      Object {
        "description": "Learn Mongo",
        "done": false,
        "id": 2,
      }
    }
  />
  <TodoListItem
    handleDeleteTodo={[MockFunction]}
    handleToggleTodo={[MockFunction]}
    index={2}
    key="3"
    todo={
      Object {
        "description": "Learn Node",
        "done": false,
        "id": 3,
      }
    }
  />
</ul>
`;
