// Jest Snapshot v1, https://goo.gl/fbAQLP

exports[`Test in <TodoListItem/> should render 1`] = `
<li
  className="list-group-item d-flex items-center justify-content-between"
>
  <p
    className="false"
    onClick={[Function]}
  >
    1
    . 
    Learn React
  </p>
  <button
    className="btn btn-danger"
    onClick={[Function]}
  >
    Delete
  </button>
</li>
`;
